Using pre-set license
Built from '6000.0/staging' branch; Version is '6000.0.24f1 (11fa355cd605) revision 1178165'; Using compiler version '193933523'; Build Type 'Release'
OS: 'Windows 10  (10.0.19045) 64bit Professional' Language: 'en' Physical Memory: 32649 MB
BatchMode: 1, IsHumanControllingUs: 0, StartBugReporterOnCrash: 0, Is64bit: 1, IsPro: 1

COMMAND LINE ARGUMENTS:
C:\Program Files\Unity\Hub\Editor\6000.0.24f1\Editor\Unity.exe
-adb2
-batchMode
-noUpm
-name
AssetImportWorker0
-projectPath
C:/Users/DJ_03/Documents/University/Git/Unity-Wiimote
-logFile
Logs/AssetImportWorker0.log
-srvPort
53344
-job-worker-count
7
-background-job-worker-count
8
-asset-garbage-collectors
1
Successfully changed project path to: C:/Users/DJ_03/Documents/University/Git/Unity-Wiimote
C:/Users/DJ_03/Documents/University/Git/Unity-Wiimote
[UnityMemory] Configuration Parameters - Can be set up in boot.config
    "memorysetup-bucket-allocator-granularity=16"
    "memorysetup-bucket-allocator-bucket-count=8"
    "memorysetup-bucket-allocator-block-size=33554432"
    "memorysetup-bucket-allocator-block-count=8"
    "memorysetup-main-allocator-block-size=16777216"
    "memorysetup-thread-allocator-block-size=16777216"
    "memorysetup-gfx-main-allocator-block-size=16777216"
    "memorysetup-gfx-thread-allocator-block-size=16777216"
    "memorysetup-cache-allocator-block-size=4194304"
    "memorysetup-typetree-allocator-block-size=2097152"
    "memorysetup-profiler-bucket-allocator-granularity=16"
    "memorysetup-profiler-bucket-allocator-bucket-count=8"
    "memorysetup-profiler-bucket-allocator-block-size=33554432"
    "memorysetup-profiler-bucket-allocator-block-count=8"
    "memorysetup-profiler-allocator-block-size=16777216"
    "memorysetup-profiler-editor-allocator-block-size=1048576"
    "memorysetup-temp-allocator-size-main=16777216"
    "memorysetup-job-temp-allocator-block-size=2097152"
    "memorysetup-job-temp-allocator-block-size-background=1048576"
    "memorysetup-job-temp-allocator-reduction-small-platforms=262144"
    "memorysetup-allocator-temp-initial-block-size-main=262144"
    "memorysetup-allocator-temp-initial-block-size-worker=262144"
    "memorysetup-temp-allocator-size-background-worker=32768"
    "memorysetup-temp-allocator-size-job-worker=262144"
    "memorysetup-temp-allocator-size-preload-manager=33554432"
    "memorysetup-temp-allocator-size-nav-mesh-worker=65536"
    "memorysetup-temp-allocator-size-audio-worker=65536"
    "memorysetup-temp-allocator-size-cloud-worker=32768"
    "memorysetup-temp-allocator-size-gi-baking-worker=262144"
    "memorysetup-temp-allocator-size-gi-baking-worker=262144"
    "memorysetup-temp-allocator-size-gi-baking-worker=262144"
    "memorysetup-temp-allocator-size-gi-baking-worker=262144"
    "memorysetup-temp-allocator-size-gi-baking-worker=262144"
    "memorysetup-temp-allocator-size-gfx=262144"
Player connection [156268]  Target information:

Player connection [156268]  * "[IP] 192.168.1.47 [Port] 0 [Flags] 2 [Guid] 658406852 [EditorId] 658406852 [Version] 1048832 [Id] WindowsEditor(7,DESKTOP-9N9UM8O) [Debug] 1 [PackageName] WindowsEditor [ProjectName] Editor" 

Player connection [156268] Host joined multi-casting on [225.0.0.222:54997]...
Player connection [156268] Host joined alternative multi-casting on [225.0.0.222:34997]...
JobSystem: Creating JobQueue using job-worker-count value 7
[Physics::Module] Initialized fallback backend.
[Physics::Module] Id: 0xdecafbad
Library Redirect Path: Library/
[Physics::Module] Selected backend.
[Physics::Module] Name: PhysX
[Physics::Module] Id: 0xf2b8ea05
[Physics::Module] SDK Version: 4.1.2
[Physics::Module] Integration Version: 1.0.0
[Physics::Module] Threading Mode: Multi-Threaded
Refreshing native plugins compatible for Editor in 0.96 ms, found 1 plugins.
Preloading 0 native plugins for Editor in 0.00 ms.
Initialize engine version: 6000.0.24f1 (11fa355cd605)
[Subsystems] Discovering subsystems at path C:/Program Files/Unity/Hub/Editor/6000.0.24f1/Editor/Data/Resources/UnitySubsystems
[Subsystems] Discovering subsystems at path C:/Users/DJ_03/Documents/University/Git/Unity-Wiimote/Assets
GfxDevice: creating device client; kGfxThreadingModeNonThreaded
Direct3D:
    Version:  Direct3D 11.0 [level 11.1]
    Renderer: NVIDIA GeForce RTX 3070 (ID=0x2488)
    Vendor:   NVIDIA
    VRAM:     8018 MB
    Driver:   32.0.15.6094
Initialize mono
Mono path[0] = 'C:/Program Files/Unity/Hub/Editor/6000.0.24f1/Editor/Data/Managed'
Mono path[1] = 'C:/Program Files/Unity/Hub/Editor/6000.0.24f1/Editor/Data/MonoBleedingEdge/lib/mono/unityjit-win32'
Mono config path = 'C:/Program Files/Unity/Hub/Editor/6000.0.24f1/Editor/Data/MonoBleedingEdge/etc'
Using monoOptions --debugger-agent=transport=dt_socket,embedding=1,server=y,suspend=n,address=127.0.0.1:56284
Begin MonoManager ReloadAssembly
Registering precompiled unity dll's ...
Register platform support module: C:/Program Files/Unity/Hub/Editor/6000.0.24f1/Editor/Data/PlaybackEngines/WindowsStandaloneSupport/UnityEditor.WindowsStandalone.Extensions.dll
Registered in 0.004151 seconds.
- Loaded All Assemblies, in  0.452 seconds
Native extension for WindowsStandalone target not found
Mono: successfully reloaded assembly
- Finished resetting the current domain, in  0.346 seconds
Domain Reload Profiling: 795ms
	BeginReloadAssembly (153ms)
		ExecutionOrderSort (0ms)
		DisableScriptedObjects (0ms)
		BackupInstance (0ms)
		ReleaseScriptingObjects (0ms)
		CreateAndSetChildDomain (1ms)
	RebuildCommonClasses (48ms)
	RebuildNativeTypeToScriptingClass (14ms)
	initialDomainReloadingComplete (60ms)
	LoadAllAssembliesAndSetupDomain (174ms)
		LoadAssemblies (148ms)
		RebuildTransferFunctionScriptingTraits (0ms)
		AnalyzeDomain (170ms)
			TypeCache.Refresh (169ms)
				TypeCache.ScanAssembly (153ms)
			BuildScriptInfoCaches (0ms)
			ResolveRequiredComponents (1ms)
	FinalizeReload (347ms)
		ReleaseScriptCaches (0ms)
		RebuildScriptCaches (0ms)
		SetupLoadedEditorAssemblies (305ms)
			LogAssemblyErrors (0ms)
			InitializePlatformSupportModulesInManaged (33ms)
			SetLoadedEditorAssemblies (6ms)
			BeforeProcessingInitializeOnLoad (8ms)
			ProcessInitializeOnLoadAttributes (180ms)
			ProcessInitializeOnLoadMethodAttributes (74ms)
			AfterProcessingInitializeOnLoad (5ms)
			EditorAssembliesLoaded (0ms)
		ExecutionOrderSort2 (0ms)
		AwakeInstancesAfterBackupRestoration (0ms)
========================================================================
Worker process is ready to serve import requests
Import Worker Mode flag is 0x00
Begin MonoManager ReloadAssembly
- Loaded All Assemblies, in  0.676 seconds
Refreshing native plugins compatible for Editor in 0.94 ms, found 1 plugins.
Native extension for WindowsStandalone target not found
Mono: successfully reloaded assembly
- Finished resetting the current domain, in  0.501 seconds
Domain Reload Profiling: 1173ms
	BeginReloadAssembly (557ms)
		ExecutionOrderSort (0ms)
		DisableScriptedObjects (8ms)
		BackupInstance (0ms)
		ReleaseScriptingObjects (0ms)
		CreateAndSetChildDomain (37ms)
	RebuildCommonClasses (39ms)
	RebuildNativeTypeToScriptingClass (15ms)
	initialDomainReloadingComplete (47ms)
	LoadAllAssembliesAndSetupDomain (13ms)
		LoadAssemblies (124ms)
		RebuildTransferFunctionScriptingTraits (0ms)
		AnalyzeDomain (10ms)
			TypeCache.Refresh (6ms)
				TypeCache.ScanAssembly (3ms)
			BuildScriptInfoCaches (1ms)
			ResolveRequiredComponents (0ms)
	FinalizeReload (502ms)
		ReleaseScriptCaches (0ms)
		RebuildScriptCaches (0ms)
		SetupLoadedEditorAssemblies (288ms)
			LogAssemblyErrors (0ms)
			InitializePlatformSupportModulesInManaged (3ms)
			SetLoadedEditorAssemblies (6ms)
			BeforeProcessingInitializeOnLoad (19ms)
			ProcessInitializeOnLoadAttributes (149ms)
			ProcessInitializeOnLoadMethodAttributes (35ms)
			AfterProcessingInitializeOnLoad (76ms)
			EditorAssembliesLoaded (0ms)
		ExecutionOrderSort2 (0ms)
		AwakeInstancesAfterBackupRestoration (8ms)
Launched and connected shader compiler UnityShaderCompiler.exe after 0.01 seconds
Refreshing native plugins compatible for Editor in 0.57 ms, found 1 plugins.
Preloading 0 native plugins for Editor in 0.00 ms.
Unloading 7 Unused Serialized files (Serialized files now loaded: 0)
Unloading 85 unused Assets / (73.3 KB). Loaded Objects now: 679.
Memory consumption went from 81.2 MB to 81.1 MB.
Total: 4.003500 ms (FindLiveObjects: 0.077300 ms CreateObjectMapping: 0.010600 ms MarkObjects: 3.827600 ms  DeleteObjects: 0.087000 ms)

========================================================================
Received Import Request.
  Time since last request: 981984.901832 seconds.
  path: Assets/wiimote.prefab
  artifactKey: Guid(6c509caf9128fe74ea7b4ed653760824) Importer(815301076,1909f56bfc062723c751e8b465ee728b)
Start importing Assets/wiimote.prefab using Guid(6c509caf9128fe74ea7b4ed653760824) Importer(815301076,1909f56bfc062723c751e8b465ee728b) (PreviewImporter) -> (artifact id: 'd267eb9ff8966e6d45503e9c2336fd55') in 0.5069235 seconds
Number of updated asset objects reloaded before import = 0Number of asset objects unloaded after import = 68

========================================================================
Received Import Request.
  Time since last request: 44.708762 seconds.
  path: Assets/ExtensionTest.unity
  artifactKey: Guid(4c4586baf55b84f0cbc417bdcc7cb7af) Importer(2089858483,192608db42251d675da83286b1cce702)
Start importing Assets/ExtensionTest.unity using Guid(4c4586baf55b84f0cbc417bdcc7cb7af) Importer(2089858483,192608db42251d675da83286b1cce702) (ScriptedImporter) -> (artifact id: 'c25e8838cb38272253ac5f08d025fe9d') in 0.084161 seconds
Number of updated asset objects reloaded before import = 0Number of asset objects unloaded after import = 1

========================================================================
Received Import Request.
  Time since last request: 0.000032 seconds.
  path: Assets/Wiimote/Scripts/Enums.cs
  artifactKey: Guid(11a09387e01eab1418eac5fcf8ba40ed) Importer(2089858483,192608db42251d675da83286b1cce702)
Start importing Assets/Wiimote/Scripts/Enums.cs using Guid(11a09387e01eab1418eac5fcf8ba40ed) Importer(2089858483,192608db42251d675da83286b1cce702) (ScriptedImporter) -> (artifact id: '2a5cdbfd13d5be46c2696ce3ace51e56') in 0.0330968 seconds
Number of updated asset objects reloaded before import = 0Number of asset objects unloaded after import = 0

========================================================================
Received Import Request.
  Time since last request: 0.000078 seconds.
  path: Assets/Art/Materials/Material__17__wiimote_jpg_011.mat
  artifactKey: Guid(809e98b65fc3e834ca0a5144e94acab1) Importer(2089858483,192608db42251d675da83286b1cce702)
Start importing Assets/Art/Materials/Material__17__wiimote_jpg_011.mat using Guid(809e98b65fc3e834ca0a5144e94acab1) Importer(2089858483,192608db42251d675da83286b1cce702) (ScriptedImporter) -> (artifact id: '578ff8933da7ecc72557ff309c0e26ef') in 0.0253829 seconds
Number of updated asset objects reloaded before import = 0Number of asset objects unloaded after import = 2

========================================================================
Received Import Request.
  Time since last request: 0.000026 seconds.
  path: Assets/Art/Materials/Material__14.mat
  artifactKey: Guid(bfcf64e47d3464a4fadfa2f295782b5b) Importer(2089858483,192608db42251d675da83286b1cce702)
Start importing Assets/Art/Materials/Material__14.mat using Guid(bfcf64e47d3464a4fadfa2f295782b5b) Importer(2089858483,192608db42251d675da83286b1cce702) (ScriptedImporter) -> (artifact id: 'ebfadd9976566f1750b59778dc4a890f') in 0.0168126 seconds
Number of updated asset objects reloaded before import = 0Number of asset objects unloaded after import = 1

========================================================================
Received Import Request.
  Time since last request: 0.000024 seconds.
  path: Assets/Wiimote/Scripts/HIDapi.cs
  artifactKey: Guid(8f203fac3ca11d042a60ee8e5486ce05) Importer(2089858483,192608db42251d675da83286b1cce702)
Start importing Assets/Wiimote/Scripts/HIDapi.cs using Guid(8f203fac3ca11d042a60ee8e5486ce05) Importer(2089858483,192608db42251d675da83286b1cce702) (ScriptedImporter) -> (artifact id: 'b464c3f32c9bf94e003c258ed195b3ea') in 0.0139089 seconds
Number of updated asset objects reloaded before import = 0Number of asset objects unloaded after import = 0

========================================================================
Received Import Request.
  Time since last request: 0.000071 seconds.
  path: Assets/Wiimote/Scripts/WiimoteManager.cs
  artifactKey: Guid(52b7084b4645b2248a64b3e8fb3dd28e) Importer(2089858483,192608db42251d675da83286b1cce702)
Start importing Assets/Wiimote/Scripts/WiimoteManager.cs using Guid(52b7084b4645b2248a64b3e8fb3dd28e) Importer(2089858483,192608db42251d675da83286b1cce702) (ScriptedImporter) -> (artifact id: '55c39ea2fb13512f7d8e083a89eec756') in 0.0127093 seconds
Number of updated asset objects reloaded before import = 0Number of asset objects unloaded after import = 0

========================================================================
Received Import Request.
  Time since last request: 0.000067 seconds.
  path: Assets/Scene/LightmapSnapshot.asset
  artifactKey: Guid(6a6951ec61a2b499796bd1eb2e638ad3) Importer(2089858483,192608db42251d675da83286b1cce702)
Start importing Assets/Scene/LightmapSnapshot.asset using Guid(6a6951ec61a2b499796bd1eb2e638ad3) Importer(2089858483,192608db42251d675da83286b1cce702) (ScriptedImporter)Lighting data asset ‘LightmapSnapshot’ is incompatible with the current Unity version. Please use Generate Lighting to rebuild the lighting data. Realtime Global Illumination cannot be used until the lighting data is rebuilt.
UnityEngine.Debug:ExtractStackTraceNoAlloc (byte*,int,string)
UnityEngine.StackTraceUtility:ExtractStackTrace ()
UnityEditor.AssetDatabase:LoadMainAssetAtPath (string)
UnityEditor.Search.AssetIndexer:IndexProperties (int&,string&,bool&)
UnityEditor.Search.AssetIndexer:IndexDocument (string,bool)
UnityEditor.Search.SearchIndexEntryImporter:OnImportAsset (UnityEditor.AssetImporters.AssetImportContext)
UnityEditor.AssetImporters.ScriptedImporter:GenerateAssetData (UnityEditor.AssetImporters.AssetImportContext)

[C:\build\output\unity\unity\Editor\Src\GI\Enlighten\LightingDataAsset.cpp line 433]

Lighting data asset ‘LightmapSnapshot’ is incompatible with the current Unity version because the scene it was baked for was not serialized. Please use Generate Lighting to rebuild the lighting data, or assign the target scene to the Lighting Data Asset in the inspector.
UnityEngine.Debug:ExtractStackTraceNoAlloc (byte*,int,string)
UnityEngine.StackTraceUtility:ExtractStackTrace ()
UnityEditor.AssetDatabase:LoadMainAssetAtPath (string)
UnityEditor.Search.AssetIndexer:IndexProperties (int&,string&,bool&)
UnityEditor.Search.AssetIndexer:IndexDocument (string,bool)
UnityEditor.Search.SearchIndexEntryImporter:OnImportAsset (UnityEditor.AssetImporters.AssetImportContext)
UnityEditor.AssetImporters.ScriptedImporter:GenerateAssetData (UnityEditor.AssetImporters.AssetImportContext)

[C:\build\output\unity\unity\Editor\Src\GI\Enlighten\LightingDataAsset.cpp line 441]

 -> (artifact id: '15ca69583c144336aee7840cbeaf48f1') in 0.0151796 seconds
Number of updated asset objects reloaded before import = 0Number of asset objects unloaded after import = 1

========================================================================
Received Import Request.
  Time since last request: 0.000037 seconds.
  path: Assets/Wiimote/Scripts/WiimoteData/ClassicControllerData.cs
  artifactKey: Guid(e0fcd6f30547a41458c7be3eda6890ef) Importer(2089858483,192608db42251d675da83286b1cce702)
Start importing Assets/Wiimote/Scripts/WiimoteData/ClassicControllerData.cs using Guid(e0fcd6f30547a41458c7be3eda6890ef) Importer(2089858483,192608db42251d675da83286b1cce702) (ScriptedImporter) -> (artifact id: '5b5813b1bf64c955183afe791ca640d9') in 0.01194 seconds
Number of updated asset objects reloaded before import = 0Number of asset objects unloaded after import = 0

========================================================================
Received Import Request.
  Time since last request: 0.000156 seconds.
  path: Assets/Wiimote/Plugins/win64/hidapi.dll
  artifactKey: Guid(212fb7dffa1af79458813902bce8316e) Importer(2089858483,192608db42251d675da83286b1cce702)
Start importing Assets/Wiimote/Plugins/win64/hidapi.dll using Guid(212fb7dffa1af79458813902bce8316e) Importer(2089858483,192608db42251d675da83286b1cce702) (ScriptedImporter) -> (artifact id: '6129712164427be6732fb35b2f314fb1') in 0.0183275 seconds
Number of updated asset objects reloaded before import = 0Number of asset objects unloaded after import = 0

========================================================================
Received Import Request.
  Time since last request: 0.000069 seconds.
  path: Assets/Wiimote/Scripts/WiimoteData/AccelData.cs
  artifactKey: Guid(be22862c7701a934fa0a1559ab6f2cba) Importer(2089858483,192608db42251d675da83286b1cce702)
Start importing Assets/Wiimote/Scripts/WiimoteData/AccelData.cs using Guid(be22862c7701a934fa0a1559ab6f2cba) Importer(2089858483,192608db42251d675da83286b1cce702) (ScriptedImporter) -> (artifact id: '09ce0f9096eccd0acd21ea9a9270ac78') in 0.0130435 seconds
Number of updated asset objects reloaded before import = 0Number of asset objects unloaded after import = 0

========================================================================
Received Import Request.
  Time since last request: 0.000071 seconds.
  path: Assets/Wiimote/Scripts/WiimoteData/WiiUProData.cs
  artifactKey: Guid(57e15d0e89ec34ca0bad5786ac6e5d58) Importer(2089858483,192608db42251d675da83286b1cce702)
Start importing Assets/Wiimote/Scripts/WiimoteData/WiiUProData.cs using Guid(57e15d0e89ec34ca0bad5786ac6e5d58) Importer(2089858483,192608db42251d675da83286b1cce702) (ScriptedImporter) -> (artifact id: 'c1370f0c56cf30dd070ea80eb7039140') in 0.0135998 seconds
Number of updated asset objects reloaded before import = 0Number of asset objects unloaded after import = 0

========================================================================
Received Import Request.
  Time since last request: 0.000066 seconds.
  path: Assets/Scene/SkyboxProbe-0.exr
  artifactKey: Guid(720decca22a524f41ba1e2b5da229485) Importer(2089858483,192608db42251d675da83286b1cce702)
Start importing Assets/Scene/SkyboxProbe-0.exr using Guid(720decca22a524f41ba1e2b5da229485) Importer(2089858483,192608db42251d675da83286b1cce702) (ScriptedImporter) -> (artifact id: '9dc5bb9c5c8ed07108f781f6771e03b2') in 0.0573179 seconds
Number of updated asset objects reloaded before import = 0Number of asset objects unloaded after import = 1

========================================================================
Received Import Request.
  Time since last request: 0.000053 seconds.
  path: Assets/Art/Materials/Material__12.mat
  artifactKey: Guid(61168be4d446ad947b1d4a13e8e721aa) Importer(2089858483,192608db42251d675da83286b1cce702)
Start importing Assets/Art/Materials/Material__12.mat using Guid(61168be4d446ad947b1d4a13e8e721aa) Importer(2089858483,192608db42251d675da83286b1cce702) (ScriptedImporter) -> (artifact id: '955fefe90279e5b8ad5d9517c0e9202f') in 0.0146506 seconds
Number of updated asset objects reloaded before import = 0Number of asset objects unloaded after import = 1

========================================================================
Received Import Request.
  Time since last request: 0.000064 seconds.
  path: Assets/Wiimote/Scripts/WiimoteData/GuitarData.cs
  artifactKey: Guid(4749d3471994b49eb8f416106bc3b94b) Importer(2089858483,192608db42251d675da83286b1cce702)
Start importing Assets/Wiimote/Scripts/WiimoteData/GuitarData.cs using Guid(4749d3471994b49eb8f416106bc3b94b) Importer(2089858483,192608db42251d675da83286b1cce702) (ScriptedImporter) -> (artifact id: '8217f022471705528b7cb83c280ebbe9') in 0.012708 seconds
Number of updated asset objects reloaded before import = 0Number of asset objects unloaded after import = 0

========================================================================
Received Import Request.
  Time since last request: 0.000096 seconds.
  path: Assets/Wiimote/Scripts/WiimoteData/NunchuckData.cs
  artifactKey: Guid(0bbe453355b439742842ed55cd1f3924) Importer(2089858483,192608db42251d675da83286b1cce702)
Start importing Assets/Wiimote/Scripts/WiimoteData/NunchuckData.cs using Guid(0bbe453355b439742842ed55cd1f3924) Importer(2089858483,192608db42251d675da83286b1cce702) (ScriptedImporter) -> (artifact id: '7b7bdc8f9f65965b17fb28f81dd678b6') in 0.014688 seconds
Number of updated asset objects reloaded before import = 0Number of asset objects unloaded after import = 0

========================================================================
Received Import Request.
  Time since last request: 0.000070 seconds.
  path: Assets/Wiimote/Scripts/WiimoteData/StatusData.cs
  artifactKey: Guid(892e7813c76b70044b22b0d699412cbc) Importer(2089858483,192608db42251d675da83286b1cce702)
Start importing Assets/Wiimote/Scripts/WiimoteData/StatusData.cs using Guid(892e7813c76b70044b22b0d699412cbc) Importer(2089858483,192608db42251d675da83286b1cce702) (ScriptedImporter) -> (artifact id: 'e41b1341785566a251c2dcf1aeee1d50') in 0.0123648 seconds
Number of updated asset objects reloaded before import = 0Number of asset objects unloaded after import = 0

========================================================================
Received Import Request.
  Time since last request: 0.000108 seconds.
  path: Assets/Art/wiimote.jpg
  artifactKey: Guid(ec89eaa430a80c14b8ed9a0fea41bbe9) Importer(2089858483,192608db42251d675da83286b1cce702)
Start importing Assets/Art/wiimote.jpg using Guid(ec89eaa430a80c14b8ed9a0fea41bbe9) Importer(2089858483,192608db42251d675da83286b1cce702) (ScriptedImporter) -> (artifact id: '80da1cee01aa234c11bec38947ed6e00') in 0.0466338 seconds
Number of updated asset objects reloaded before import = 0Number of asset objects unloaded after import = 1

========================================================================
Received Import Request.
  Time since last request: 0.000021 seconds.
  path: Assets/Art/wiimote.blend
  artifactKey: Guid(8cdc4414f4f67f747b84ae9f3c86c17d) Importer(2089858483,192608db42251d675da83286b1cce702)
Start importing Assets/Art/wiimote.blend using Guid(8cdc4414f4f67f747b84ae9f3c86c17d) Importer(2089858483,192608db42251d675da83286b1cce702) (ScriptedImporter) -> (artifact id: '0f8a7050ab8e421f3db9529560c938e8') in 0.0845518 seconds
Number of updated asset objects reloaded before import = 0Number of asset objects unloaded after import = 9

Editor requested this worker to shutdown with reason: Scaling down because of idle timeout
AssetImportWorker is now disconnected from the server
Process exiting
Exiting without the bug reporter. Application will terminate with return code 0